[1;94m  •[0m [1mcleaning distribution directory[0m
[1;94m  •[0m [1mloading environment variables[0m
[1;94m    •[0m using token from [48;2;36;36;36m [0m[38;2;237;86;121;48;2;36;36;36m$GITHUB_TOKEN[0m[48;2;36;36;36m [0m
[1;94m  •[0m [1mgetting and validating git state[0m
[1;94m    •[0m git state                                      [1;94mcommit[0m=537d84291831d2fefb5b1baa05872b2766f785d1 [1;94mbranch[0m=HEAD [1;94mcurrent_tag[0m=v0.1.1 [1;94mprevious_tag[0m=v0.1.0 [1;94mdirty[0m=false
[1;94m  •[0m [1mparsing tag[0m
[1;94m  •[0m [1msetting defaults[0m
[1;94m  •[0m [1mrunning before hooks[0m
[1;94m    •[0m running                                        [1;94mhook[0m=go mod tidy
[1;94m    •[0m running                                        [1;94mhook[0m=go generate ./...
[1;94m  •[0m [1mensuring distribution directory[0m
[1;94m  •[0m [1msetting up metadata[0m
[1;94m  •[0m [1mwriting release metadata[0m
[1;94m  •[0m [1mloading go mod information[0m
[1;94m  •[0m [1mbuild prerequisites[0m
[1;94m  •[0m [1mbuilding binaries[0m
[1;94m    •[0m building                                       [1;94mbinary[0m=dist/adhar_darwin_arm64_v8.0/adhar
[1;94m    •[0m building                                       [1;94mbinary[0m=dist/adhar_linux_arm64_v8.0/adhar
[1;94m    •[0m building                                       [1;94mbinary[0m=dist/adhar_linux_amd64_v1/adhar
[1;94m    •[0m building                                       [1;94mbinary[0m=dist/adhar_darwin_amd64_v1/adhar
[1;94m    •[0m building                                       [1;94mbinary[0m=dist/adhar_windows_amd64_v1/adhar.exe
[1;94m    •[0m [3;2mtook: 11m18s[0m
[1;94m  •[0m [1mgenerating changelog[0m
[1;94m  •[0m [1marchives[0m
[1;94m    •[0m archiving                                      [1;94mname[0m=dist/adhar-0.1.1-darwin-arm64.tar.gz
[1;94m    •[0m archiving                                      [1;94mname[0m=dist/adhar-0.1.1-linux-amd64.tar.gz
[1;94m    •[0m archiving                                      [1;94mname[0m=dist/adhar-0.1.1-windows-amd64.zip
[1;94m    •[0m archiving                                      [1;94mname[0m=dist/adhar-0.1.1-linux-arm64.tar.gz
[1;94m    •[0m archiving                                      [1;94mname[0m=dist/adhar-0.1.1-darwin-amd64.tar.gz
[1;94m    •[0m [3;2mtook: 22s[0m
[1;94m  •[0m [1mcalculating checksums[0m
[1;94m  •[0m [1mhomebrew tap formula[0m
[1;94m    •[0m writing                                        [1;94mformula[0m=dist/homebrew/Formula/adhar.rb
[1;94m  •[0m [1mdocker images[0m
[1;94m    •[0m building docker image                          [1;94mimage[0m=ghcr.io/adhar-io/adhar:0.1.1-arm64
[1;94m    •[0m building docker image                          [1;94mimage[0m=ghcr.io/adhar-io/adhar:0.1.1-amd64
[1;94m    •[0m [3;2mtook: 16s[0m
[1;94m  •[0m [1mpublishing[0m
[1;94m    •[0m [1mdocker images[0m
[1;94m      •[0m pushing                                      [1;94mimage[0m=ghcr.io/adhar-io/adhar:0.1.1-arm64
[1;94m      •[0m pushed                                       [1;94mimage[0m=ghcr.io/adhar-io/adhar:0.1.1-arm64 [1;94mdigest[0m=sha256:9923f04d14ece5d8fa0f064bed97b15b7595da2e5e3465a313fa76760c79fae6
[1;94m      •[0m pushing                                      [1;94mimage[0m=ghcr.io/adhar-io/adhar:0.1.1-amd64
[1;94m      •[0m pushed                                       [1;94mimage[0m=ghcr.io/adhar-io/adhar:0.1.1-amd64 [1;94mdigest[0m=sha256:37abf207cea199ae691791a00c4d674a82937761e2e38d77d456e1b46f9abde4
[1;94m      •[0m [3;2mtook: 1m15s[0m
[1;94m    •[0m [1mdocker manifests[0m
[1;94m      •[0m creating                                     [1;94mmanifest[0m=ghcr.io/adhar-io/adhar:0.1.1 [1;94mimages[0m=[ghcr.io/adhar-io/adhar:0.1.1-amd64@sha256:37abf207cea199ae691791a00c4d674a82937761e2e38d77d456e1b46f9abde4 ghcr.io/adhar-io/adhar:0.1.1-arm64@sha256:9923f04d14ece5d8fa0f064bed97b15b7595da2e5e3465a313fa76760c79fae6]
[1;94m      •[0m created, pushing                             [1;94mmanifest[0m=ghcr.io/adhar-io/adhar:0.1.1
[1;94m      •[0m creating                                     [1;94mmanifest[0m=ghcr.io/adhar-io/adhar:latest [1;94mimages[0m=[ghcr.io/adhar-io/adhar:0.1.1-amd64@sha256:37abf207cea199ae691791a00c4d674a82937761e2e38d77d456e1b46f9abde4 ghcr.io/adhar-io/adhar:0.1.1-arm64@sha256:9923f04d14ece5d8fa0f064bed97b15b7595da2e5e3465a313fa76760c79fae6]
[1;94m      •[0m created, pushing                             [1;94mmanifest[0m=ghcr.io/adhar-io/adhar:latest
[1;94m    •[0m [1mscm releases[0m
[1;94m      •[0m releasing                                    [1;94mtag[0m=v0.1.1 [1;94mrepo[0m=adhar-io/adhar
[1;94m      •[0m created                                      [1;94murl[0m=https://github.com/adhar-io/adhar/releases/tag/untagged-d2e376bb6feee55be0a8
[1;94m      •[0m uploading to release                         [1;94mfile[0m=dist/adhar-0.1.1-windows-amd64.zip [1;94mname[0m=adhar-0.1.1-windows-amd64.zip
[1;94m      •[0m uploading to release                         [1;94mfile[0m=dist/adhar-0.1.1-linux-amd64.tar.gz [1;94mname[0m=adhar-0.1.1-linux-amd64.tar.gz
[1;94m      •[0m uploading to release                         [1;94mfile[0m=dist/adhar-0.1.1-darwin-arm64.tar.gz [1;94mname[0m=adhar-0.1.1-darwin-arm64.tar.gz
[1;94m      •[0m uploading to release                         [1;94mfile[0m=dist/adhar-0.1.1-linux-arm64.tar.gz [1;94mname[0m=adhar-0.1.1-linux-arm64.tar.gz
[1;94m      •[0m uploading to release                         [1;94mfile[0m=dist/adhar-0.1.1-darwin-amd64.tar.gz [1;94mname[0m=adhar-0.1.1-darwin-amd64.tar.gz
[1;94m      •[0m uploading to release                         [1;94mfile[0m=dist/checksums.txt [1;94mname[0m=checksums.txt
[1;94m      •[0m published                                    [1;94murl[0m=https://github.com/adhar-io/adhar/releases/tag/v0.1.1
[1;94m      •[0m release published                            [1;94murl[0m=https://github.com/adhar-io/adhar/releases/tag/v0.1.1
[1;94m    •[0m [1mhomebrew tap formula[0m
[1;94m  •[0m [3;2mtook: 1m23s[0m
[1;91m  ⨯[0m [1mrelease failed after 13m22s[0m             
    [1;91merror[0m=
  [1;91m  │ [0m1 error occurred:
  [1;91m  │ [0m	* homebrew tap formula: template: failed to apply "{{ envOrDefault \"HOMEBREW_TOKEN\" \"\" }}": function "envOrDefault" not defined
